2023-01-05 14:34:24,859 INFO Got the image from user
2023-01-05 14:34:24,876 INFO Successfully preprocessed [[[[0. 0. 0.]
   [0. 0. 0.]
   [0. 0. 0.]
   ...
   [0. 0. 0.]
   [0. 0. 0.]
   [0. 0. 0.]]

  [[0. 0. 0.]
   [0. 0. 0.]
   [0. 0. 0.]
   ...
   [0. 0. 0.]
   [0. 0. 0.]
   [0. 0. 0.]]

  [[0. 0. 0.]
   [0. 0. 0.]
   [0. 0. 0.]
   ...
   [0. 0. 0.]
   [0. 0. 0.]
   [0. 0. 0.]]

  ...

  [[0. 0. 0.]
   [0. 0. 0.]
   [0. 0. 0.]
   ...
   [0. 0. 0.]
   [0. 0. 0.]
   [0. 0. 0.]]

  [[0. 0. 0.]
   [0. 0. 0.]
   [0. 0. 0.]
   ...
   [0. 0. 0.]
   [0. 0. 0.]
   [0. 0. 0.]]

  [[0. 0. 0.]
   [0. 0. 0.]
   [0. 0. 0.]
   ...
   [0. 0. 0.]
   [0. 0. 0.]
   [0. 0. 0.]]]]
2023-01-05 14:34:25,287 INFO predictions [[0.99603266]]
2023-01-05 14:34:25,288 INFO Took 0.4293218840000179seconds for Prediction
2023-01-05 14:34:25,288 INFO ----------------------------------------------------------------------------------------------------
2023-01-05 14:34:25,288 INFO 

2023-01-05 17:15:44,944 INFO Got the image from user
2023-01-05 17:15:44,962 INFO Successfully preprocessed [[[[0. 0. 0.]
   [0. 0. 0.]
   [0. 0. 0.]
   ...
   [0. 0. 0.]
   [0. 0. 0.]
   [0. 0. 0.]]

  [[0. 0. 0.]
   [0. 0. 0.]
   [0. 0. 0.]
   ...
   [0. 0. 0.]
   [0. 0. 0.]
   [0. 0. 0.]]

  [[0. 0. 0.]
   [0. 0. 0.]
   [0. 0. 0.]
   ...
   [0. 0. 0.]
   [0. 0. 0.]
   [0. 0. 0.]]

  ...

  [[0. 0. 0.]
   [0. 0. 0.]
   [0. 0. 0.]
   ...
   [0. 0. 0.]
   [0. 0. 0.]
   [0. 0. 0.]]

  [[0. 0. 0.]
   [0. 0. 0.]
   [0. 0. 0.]
   ...
   [0. 0. 0.]
   [0. 0. 0.]
   [0. 0. 0.]]

  [[0. 0. 0.]
   [0. 0. 0.]
   [0. 0. 0.]
   ...
   [0. 0. 0.]
   [0. 0. 0.]
   [0. 0. 0.]]]]
2023-01-05 17:15:45,266 INFO predictions [[0.3822249]]
2023-01-05 17:15:45,266 INFO Took 0.32168318099866156seconds for Prediction
2023-01-05 17:15:45,266 INFO ----------------------------------------------------------------------------------------------------
2023-01-05 17:15:45,266 INFO 

2023-01-05 17:17:16,442 INFO Got the image from user
2023-01-05 17:17:16,449 INFO Successfully preprocessed [[[[1.         1.         1.        ]
   [0.96470588 0.96470588 0.96470588]
   [0.76078431 0.76078431 0.76078431]
   ...
   [0.74901961 0.74901961 0.74901961]
   [0.95294118 0.95294118 0.95294118]
   [0.89411765 0.89411765 0.89411765]]

  [[0.94901961 0.94901961 0.94901961]
   [0.47843137 0.47843137 0.47843137]
   [0.18039216 0.18039216 0.18039216]
   ...
   [0.19215686 0.19215686 0.19215686]
   [0.59215686 0.59215686 0.59215686]
   [0.96470588 0.96470588 0.96470588]]

  [[0.81960784 0.81960784 0.81960784]
   [0.10980392 0.10980392 0.10980392]
   [0.         0.         0.        ]
   ...
   [0.         0.         0.        ]
   [0.18823529 0.18823529 0.18823529]
   [0.81960784 0.81960784 0.81960784]]

  ...

  [[0.82352941 0.82352941 0.82352941]
   [0.17254902 0.17254902 0.17254902]
   [0.         0.         0.        ]
   ...
   [0.         0.         0.        ]
   [0.28627451 0.28627451 0.28627451]
   [0.84313725 0.84313725 0.84313725]]

  [[0.96470588 0.96470588 0.96470588]
   [0.60784314 0.60784314 0.60784314]
   [0.21568627 0.21568627 0.21568627]
   ...
   [0.29019608 0.29019608 0.29019608]
   [0.67058824 0.67058824 0.67058824]
   [0.96470588 0.96470588 0.96470588]]

  [[0.96862745 0.96862745 0.96862745]
   [0.98039216 0.98039216 0.98039216]
   [0.90588235 0.90588235 0.90588235]
   ...
   [0.91372549 0.91372549 0.91372549]
   [0.98823529 0.98823529 0.98823529]
   [0.94117647 0.94117647 0.94117647]]]]
2023-01-05 17:17:16,539 INFO predictions [[0.01679587]]
2023-01-05 17:17:16,540 INFO Took 0.09608884599947487seconds for Prediction
2023-01-05 17:17:16,540 INFO ----------------------------------------------------------------------------------------------------
2023-01-05 17:17:16,540 INFO 

2023-01-05 17:18:04,311 INFO Got the image from user
2023-01-05 17:18:04,317 INFO Successfully preprocessed [[[[1.         1.         1.        ]
   [0.96470588 0.96470588 0.96470588]
   [0.76078431 0.76078431 0.76078431]
   ...
   [0.74901961 0.74901961 0.74901961]
   [0.95294118 0.95294118 0.95294118]
   [0.89411765 0.89411765 0.89411765]]

  [[0.94901961 0.94901961 0.94901961]
   [0.47843137 0.47843137 0.47843137]
   [0.18039216 0.18039216 0.18039216]
   ...
   [0.19215686 0.19215686 0.19215686]
   [0.59215686 0.59215686 0.59215686]
   [0.96470588 0.96470588 0.96470588]]

  [[0.81960784 0.81960784 0.81960784]
   [0.10980392 0.10980392 0.10980392]
   [0.         0.         0.        ]
   ...
   [0.         0.         0.        ]
   [0.18823529 0.18823529 0.18823529]
   [0.81960784 0.81960784 0.81960784]]

  ...

  [[0.82352941 0.82352941 0.82352941]
   [0.17254902 0.17254902 0.17254902]
   [0.         0.         0.        ]
   ...
   [0.         0.         0.        ]
   [0.28627451 0.28627451 0.28627451]
   [0.84313725 0.84313725 0.84313725]]

  [[0.96470588 0.96470588 0.96470588]
   [0.60784314 0.60784314 0.60784314]
   [0.21568627 0.21568627 0.21568627]
   ...
   [0.29019608 0.29019608 0.29019608]
   [0.67058824 0.67058824 0.67058824]
   [0.96470588 0.96470588 0.96470588]]

  [[0.96862745 0.96862745 0.96862745]
   [0.98039216 0.98039216 0.98039216]
   [0.90588235 0.90588235 0.90588235]
   ...
   [0.91372549 0.91372549 0.91372549]
   [0.98823529 0.98823529 0.98823529]
   [0.94117647 0.94117647 0.94117647]]]]
2023-01-05 17:18:04,396 INFO predictions [[0.01679587]]
2023-01-05 17:18:04,396 INFO Took 0.08524860299985448seconds for Prediction
2023-01-05 17:18:04,397 INFO ----------------------------------------------------------------------------------------------------
2023-01-05 17:18:04,397 INFO 

